swift-runtime: failed to suspend thread 7263 while processing a crash; backtraces will be missing information
swift-runtime: failed to suspend thread 7265 while processing a crash; backtraces will be missing information
swift-runtime: failed to suspend thread 7266 while processing a crash; backtraces will be missing information
swift-runtime: failed to suspend thread 7267 while processing a crash; backtraces will be missing information

*** Signal 4: Backtracing from 0x7fcc9dc892f0... done ***

*** Program crashed: Illegal instruction at 0x00007fcc9dc892f0 ***

Thread 0 crashed:

0  0x00007fcc9dc892f0


Registers:

rax 0x00000000ffffffff  4294967295
rdx 0x00007fcc96770840  2f 70 72 6f 63 2f 33 32 2f 73 74 61 74 00 00 00  /proc/32/stat···
rcx 0x0000000000000000  0
rbx 0x0000000000000000  0
rsi 0x00007fcc967729c8  00 00 00 00 81 00 00 00 00 00 00 00 00 00 00 00  ················
rdi 0x00007fcc96770840  2f 70 72 6f 63 2f 33 32 2f 73 74 61 74 00 00 00  /proc/32/stat···
rbp 0x0000000000000000  0
rsp 0x00007fcc96770808  4f 63 ca 9d cc 7f 00 00 00 00 00 00 00 00 00 00  OcÊ·Ì···········
 r8 0x0000000000000000  0
 r9 0x0000000000000000  0
r10 0x0000000000000000  0
r11 0x0000000000000293  659
r12 0x0000000000000000  0
r13 0x00007fcc967708c0  00 00 00 00 00 00 00 00 00 00 00 00 00 00 00 00  ················
r14 0x00007fcc9dcc6fc8  01 00 00 00 00 00 00 00 c0 49 cc 9d cc 7f 00 00  ········ÀIÌ·Ì···
r15 0x00007fcc9dcc6fb8  21 00 00 80 00 00 00 00 90 13 00 90 cc 7f 00 00  !···········Ì···
rip 0x00007fcc9dc892f0  0f 0b 00 00 00 00 00 00 00 00 00 00 00 00 00 00  ················

rflags 0x0000000000010246  ZF PF

cs 0x0033  fs 0x0000  gs 0x0000


Images:



Backtrace took 0.00s

